[tcrr.in/index.html]
[backblue.gif]
[fade.gif]
[index.html]
[tcrr.in/img/favicon.png]
[tcrr.in/img/apple-touch-icon.png]
[tcrr.in/img/apple-touch-icon-57x57.png]
[tcrr.in/img/apple-touch-icon-72x72.png]
[tcrr.in/img/apple-touch-icon-76x76.png]
[tcrr.in/img/apple-touch-icon-114x114.png]
[tcrr.in/img/apple-touch-icon-120x120.png]
[tcrr.in/img/apple-touch-icon-144x144.png]
[tcrr.in/img/apple-touch-icon-152x152.png]
[tcrr.in/img/apple-touch-icon-180x180.png]
[tcrr.in/css/bootstrap.min.css]
[tcrr.in/css/font-awesome.min.css]
[tcrr.in/css/icofont.min.css]
[tcrr.in/css/magnific-popup.css]
[tcrr.in/css/owl.carousel.min.css]
[tcrr.in/css/animate.css]
[tcrr.in/css/main.css]
[tcrr.in/css/meanmenu.min.css]
[tcrr.in/css/responsive.css]
[tcrr.in/index-2.html]
[tcrr.in/img/logo.png]
[tcrr.in/about.html]
[tcrr.in/segments.html]
[tcrr.in/Strategy.html]
[tcrr.in/Marketing.html]
[tcrr.in/Capital Market.html]
[tcrr.in/Sales.html]
[tcrr.in/Facility Management.html]
[tcrr.in/Elite Services.html]
[tcrr.in/projects.html]
[tcrr.in/blog.html]
[tcrr.in/career.html]
[tcrr.in/contact.html]
[tcrr.in/img/slider-1.jpg]
[tcrr.in/img/slider-2.jpg]
[tcrr.in/img/slider-3.jpg]
[tcrr.in/feature-details.html]
[tcrr.in/img/f1.jpg]
[tcrr.in/img/icon/piggy-bank.png]
[tcrr.in/img/f2.jpg]
[tcrr.in/img/icon/money.png]
[tcrr.in/img/f3.jpg]
[tcrr.in/img/icon/customer-support.png]
[tcrr.in/img/f4.jpg]
[tcrr.in/img/f5.jpg]
[tcrr.in/img/f6.jpg]
[tcrr.in/img/icon/light-bulb.png]
[tcrr.in/img/icon/startup.png]
[tcrr.in/img/icon/bank.png]
[tcrr.in/img/video-thumb.jpg]
[tcrr.in/img/testimonial.png]
[tcrr.in/img/b1.jpg]
[tcrr.in/maximizing-your-real-estate-investment.html.html]
[tcrr.in/img/b2.jpg]
[tcrr.in/maximizing-property-sales-with-tcr.html]
[tcrr.in/img/b3.jpg]
[tcrr.in/the-future-of-real-estate-development-in-pune.html]
[tcrr.in/img/ft-logo.png]
[tcrr.in/service.html]
[tcrr.in/maximizing-your-real-estate-investment.html]
[tcrr.in/js/jquery-2.2.4.min.js]
[tcrr.in/js/bootstrap.min.js]
[tcrr.in/js/isotope.pkgd.min.js]
[tcrr.in/js/jquery.magnific-popup.min.js]
[tcrr.in/js/owl.carousel.min.js]
[tcrr.in/js/owl.animate.js]
[tcrr.in/js/jquery.scrollUp.min.js]
[tcrr.in/js/jquery.counterup.min.js]
[tcrr.in/js/modernizr.min.js]
[tcrr.in/js/waypoints.min.js]
[tcrr.in/js/jquery.meanmenu.min.js]
[tcrr.in/js/imagesloaded.pkgd.min.js]
[tcrr.in/index.html]
[tcrr.in/js/custom.js]
[tcrr.in/css/bootstrap.min.css]
[tcrr.in/fonts/fontawesome-webfont93e3.eot]
[tcrr.in/fonts/fontawesome-webfontd41d.eot]
[tcrr.in/fonts/fontawesome-webfont93e3.woff2]
[tcrr.in/fonts/fontawesome-webfont93e3.woff]
[tcrr.in/fonts/fontawesome-webfont93e3.ttf]
[tcrr.in/css/font-awesome.min.css]
[tcrr.in/fonts/fontawesome-webfont93e3.svg]
[tcrr.in/fonts/icofont.woff2]
[tcrr.in/fonts/icofont.woff]
[tcrr.in/css/icofont.min.css]
[tcrr.in/css/magnific-popup.css]
[tcrr.in/css/owl.video.play.52.delayed]
[tcrr.in/css/owl.carousel.min.css]
[tcrr.in/css/animate.css]
[tcrr.in/img/preloader.gif]
[tcrr.in/img/shape/feature-shape.png]
[tcrr.in/img/counter-bg.png]
[tcrr.in/img/shape/service-hover.png]
[tcrr.in/img/about-banner.jpg]
[tcrr.in/img/consult_bg.jpg]
[tcrr.in/img/teastimonial_bg.jpg]
[tcrr.in/img/counter-bg.jpg]
[tcrr.in/img/map.png]
[tcrr.in/img/shape/feature-v3-shape.png]
[tcrr.in/img/page_hd.jpg]
[tcrr.in/img/shape/footer-shape.png]
[tcrr.in/css/main.css]
[tcrr.in/style.css]
[tcrr.in/css/meanmenu.min.css]
[tcrr.in/css/responsive.css]
[tcrr.in/index-2.html]
[tcrr.in/about.html]
[tcrr.in/img/residential.jpg]
[tcrr.in/img/commercial.jpg]
[tcrr.in/img/villas.jpg]
[tcrr.in/img/plots.jpg]
[tcrr.in/segments.html]
[tcrr.in/Strategy.html]
[tcrr.in/Marketing.html]
[tcrr.in/Capital Market.html]
[tcrr.in/Sales.html]
[tcrr.in/Facility Management.html]
[tcrr.in/Elite Services.html]
[tcrr.in/projects.html]
[tcrr.in/blog.html]
[tcrr.in/career.html]
[tcrr.in/contact.html]
[tcrr.in/feature-details.html]
[tcrr.in/img/deal.jpg]
[tcrr.in/maximizing-your-real-estate-investment.html.html]
[tcrr.in/img/investment.jpg]
[tcrr.in/maximizing-property-sales-with-tcr.html]
[tcrr.in/img/future.jpg]
[tcrr.in/the-future-of-real-estate-development-in-pune.html]
[tcrr.in/service-details.html]
[tcrr.in/service.html]
[tcrr.in/maximizing-your-real-estate-investment.html]
[tcrr.in/js/jquery-2.2.4.min.js]
[tcrr.in/popper.js]
[tcrr.in/js/bootstrap.min.js]
[tcrr.in/js/isotope.pkgd.min.js]
[tcrr.in/js/jquery.magnific-popup.min.js]
[tcrr.in/js/owl.carousel.min.js]
[tcrr.in/js/owl.animate.js]
[tcrr.in/js/jquery.scrollUp.min.js]
[tcrr.in/js/jquery.counterup.min.js]
[tcrr.in/js/modernizr.min.js]
[tcrr.in/js/waypoints.min.js]
[tcrr.in/js/jquery.meanmenu.min.js]
[tcrr.in/js/imagesloaded.pkgd.min.js]
[tcrr.in/js/custom.js]
[tcrr.in/fonts/fontawesome-webfont93e3.svg]
[tcrr.in/css/owl.video.play.html]
[tcrr.in/img/service-details.jpg]
[tcrr.in/img/page-col-img.jpg]
[tcrr.in/service-details.html]
[tcrr.in/popper.html]
